// Jest Snapshot v1, https://goo.gl/fbAQLP

exports[`<AuthModal /> Matches snapshot with child 1`] = `<div />`;
