// Jest Snapshot v1, https://goo.gl/fbAQLP

exports[`<HomeCard /> Matches snapshot with child 1`] = `
<div
  style={
    Object {
      "WebkitTapHighlightColor": "rgba(0,0,0,0)",
      "backgroundColor": "#ffffff",
      "borderRadius": 2,
      "boxShadow": "0 1px 6px rgba(0, 0, 0, 0.12),
             0 1px 4px rgba(0, 0, 0, 0.12)",
      "boxSizing": "border-box",
      "color": "rgba(0, 0, 0, 0.87)",
      "fontFamily": "Roboto, sans-serif",
      "muiPrepared": true,
      "transition": "all 450ms cubic-bezier(0.23, 1, 0.32, 1) 0ms",
      "zIndex": 1,
    }
  }
>
  <div
    style={
      Object {
        "paddingBottom": 8,
      }
    }
  >
    <div
      className="sbr-home-card-media"
      style={
        Object {
          "backgroundColor": undefined,
          "muiPrepared": true,
          "position": "relative",
        }
      }
    >
      <div
        style={
          Object {
            "muiPrepared": true,
          }
        }
      >
        <div
          style={
            Object {
              "maxWidth": "100%",
              "minWidth": "100%",
              "muiPrepared": true,
              "verticalAlign": "top",
              "width": "100%",
            }
          }
        >
          <span
            className={undefined}
            onMouseEnter={[Function]}
            onMouseLeave={[Function]}
            style={
              Object {
                "color": "#fff",
                "display": "inline-block",
                "fontSize": "6rem",
                "muiPrepared": true,
                "position": "relative",
                "transition": "all 450ms cubic-bezier(0.23, 1, 0.32, 1) 0ms",
                "userSelect": "none",
              }
            }
          />
        </div>
      </div>
      
    </div>
    <div
      style={
        Object {
          "muiPrepared": true,
          "padding": 16,
          "position": "relative",
        }
      }
    >
      <span
        style={
          Object {
            "color": "rgba(0, 0, 0, 0.87)",
            "display": "block",
            "fontSize": 24,
            "lineHeight": "36px",
            "muiPrepared": true,
          }
        }
      />
      <span
        style={
          Object {
            "color": "rgba(0, 0, 0, 0.54)",
            "display": "block",
            "fontSize": 14,
            "muiPrepared": true,
          }
        }
      />
    </div>
    <div
      className="sbr-home-card-content"
      style={
        Object {
          "color": "rgba(0, 0, 0, 0.87)",
          "fontSize": 14,
          "muiPrepared": true,
          "padding": 16,
        }
      }
    />
  </div>
</div>
`;
