// Jest Snapshot v1, https://goo.gl/fbAQLP

exports[`<HomeFooter /> Matches snapshot with child 1`] = `
<div
  className="mdl-cell mdl-cell--12-col mdl-cell--middle"
  style={
    Object {
      "color": "#fff",
      "textAlign": "center",
    }
  }
>
  <div
    className="mdl-grid"
  >
    <div
      className="mdl-cell mdl-cell--12-col"
    >
      <img
        alt="swim icon"
        src="swim_circle_white.svg"
        style={
          Object {
            "height": "5rem",
            "width": "5rem",
          }
        }
      />
      <img
        alt="bike icon"
        src="bike_circle_white.svg"
        style={
          Object {
            "height": "5rem",
            "width": "5rem",
          }
        }
      />
      <img
        alt="run icon"
        src="run_circle_white.svg"
        style={
          Object {
            "height": "5rem",
            "width": "5rem",
          }
        }
      />
    </div>
    <div
      className="mdl-cell mdl-cell--12-col"
    >
      <div
        className={undefined}
        style={
          Object {
            "WebkitTapHighlightColor": "rgba(0,0,0,0)",
            "backgroundColor": "#ffffff",
            "borderRadius": 2,
            "boxShadow": "0 1px 6px rgba(0, 0, 0, 0.12),
                   0 1px 4px rgba(0, 0, 0, 0.12)",
            "boxSizing": "border-box",
            "color": "rgba(0, 0, 0, 0.87)",
            "display": "inline-block",
            "fontFamily": "Roboto, sans-serif",
            "minWidth": 88,
            "muiPrepared": true,
            "transition": "all 450ms cubic-bezier(0.23, 1, 0.32, 1) 0ms",
          }
        }
      >
        <button
          disabled={false}
          href={undefined}
          onBlur={[Function]}
          onClick={[Function]}
          onFocus={[Function]}
          onKeyDown={[Function]}
          onKeyUp={[Function]}
          onMouseDown={[Function]}
          onMouseEnter={[Function]}
          onMouseLeave={[Function]}
          onMouseUp={[Function]}
          onTouchEnd={[Function]}
          onTouchStart={[Function]}
          onTouchTap={[Function]}
          style={
            Object {
              "WebkitTapHighlightColor": "rgba(0, 0, 0, 0)",
              "backgroundColor": "#ff4081",
              "border": 10,
              "borderRadius": 2,
              "boxSizing": "border-box",
              "cursor": "pointer",
              "display": "inline-block",
              "fontFamily": "Roboto, sans-serif",
              "fontSize": "inherit",
              "fontWeight": "inherit",
              "height": 36,
              "lineHeight": "36px",
              "margin": 0,
              "muiPrepared": true,
              "outline": "none",
              "padding": 0,
              "position": "relative",
              "textAlign": "center",
              "textDecoration": "none",
              "transition": "all 450ms cubic-bezier(0.23, 1, 0.32, 1) 0ms",
              "verticalAlign": null,
              "width": "100%",
              "zIndex": 1,
            }
          }
          tabIndex={0}
          type="button"
        >
          <div
            onMouseDown={[Function]}
            onMouseLeave={[Function]}
            onMouseUp={[Function]}
            onTouchEnd={[Function]}
            onTouchStart={[Function]}
          >
            <div
              style={
                Object {
                  "backgroundColor": false,
                  "borderRadius": 2,
                  "height": 36,
                  "muiPrepared": true,
                  "top": 0,
                  "transition": "all 450ms cubic-bezier(0.23, 1, 0.32, 1) 0ms",
                }
              }
            />
          </div>
        </button>
      </div>
    </div>
  </div>
</div>
`;
