// Jest Snapshot v1, https://goo.gl/fbAQLP

exports[`<HomeCardWrap /> Matches snapshot with child 1`] = `
<div
  className="mdl-cell mdl-cell--4-col-desktop mdl-cell--6-col-tablet mdl-cell--1m-offset-tablet mdl-cell--12-col mdl-cell--middle sbr-home-individual-card"
/>
`;
