exports[`<LoadingComponent /> Matches snapshot 1`] = `null`;
